Archive member included to satisfy reference by file (symbol)

h:/dev/5.4 2016q3/bin/../lib/gcc/arm-none-eabi/5.4.1/../../../../arm-none-eabi/lib/armv7e-m\libg_nano.a(lib_a-errno.o)
                              ./system/src/newlib/_sbrk.o (__errno)
h:/dev/5.4 2016q3/bin/../lib/gcc/arm-none-eabi/5.4.1/../../../../arm-none-eabi/lib/armv7e-m\libg_nano.a(lib_a-impure.o)
                              h:/dev/5.4 2016q3/bin/../lib/gcc/arm-none-eabi/5.4.1/../../../../arm-none-eabi/lib/armv7e-m\libg_nano.a(lib_a-errno.o) (_impure_ptr)
h:/dev/5.4 2016q3/bin/../lib/gcc/arm-none-eabi/5.4.1/../../../../arm-none-eabi/lib/armv7e-m\libg_nano.a(lib_a-memset.o)
                              ./system/src/StdPeriph_Driver/stm32f4xx_cryp_aes.o (memset)
h:/dev/5.4 2016q3/bin/../lib/gcc/arm-none-eabi/5.4.1/../../../../arm-none-eabi/lib/armv7e-m\libg_nano.a(lib_a-strlen.o)
                              ./system/src/diag/Trace.o (strlen)
h:/dev/5.4 2016q3/bin/../lib/gcc/arm-none-eabi/5.4.1/../../../../arm-none-eabi/lib/armv7e-m\libg_nano.a(lib_a-vsnprintf.o)
                              ./system/src/diag/Trace.o (vsnprintf)
h:/dev/5.4 2016q3/bin/../lib/gcc/arm-none-eabi/5.4.1/../../../../arm-none-eabi/lib/armv7e-m\libg_nano.a(lib_a-nano-svfprintf.o)
                              h:/dev/5.4 2016q3/bin/../lib/gcc/arm-none-eabi/5.4.1/../../../../arm-none-eabi/lib/armv7e-m\libg_nano.a(lib_a-vsnprintf.o) (_svfprintf_r)
h:/dev/5.4 2016q3/bin/../lib/gcc/arm-none-eabi/5.4.1/../../../../arm-none-eabi/lib/armv7e-m\libg_nano.a(lib_a-nano-vfprintf_i.o)
                              h:/dev/5.4 2016q3/bin/../lib/gcc/arm-none-eabi/5.4.1/../../../../arm-none-eabi/lib/armv7e-m\libg_nano.a(lib_a-nano-svfprintf.o) (_printf_i)
h:/dev/5.4 2016q3/bin/../lib/gcc/arm-none-eabi/5.4.1/../../../../arm-none-eabi/lib/armv7e-m\libg_nano.a(lib_a-memchr.o)
                              h:/dev/5.4 2016q3/bin/../lib/gcc/arm-none-eabi/5.4.1/../../../../arm-none-eabi/lib/armv7e-m\libg_nano.a(lib_a-nano-svfprintf.o) (memchr)
h:/dev/5.4 2016q3/bin/../lib/gcc/arm-none-eabi/5.4.1/../../../../arm-none-eabi/lib/armv7e-m\libg_nano.a(lib_a-memcpy-stub.o)
                              h:/dev/5.4 2016q3/bin/../lib/gcc/arm-none-eabi/5.4.1/../../../../arm-none-eabi/lib/armv7e-m\libg_nano.a(lib_a-nano-svfprintf.o) (memcpy)
h:/dev/5.4 2016q3/bin/../lib/gcc/arm-none-eabi/5.4.1/../../../../arm-none-eabi/lib/armv7e-m\libg_nano.a(lib_a-memmove.o)
                              h:/dev/5.4 2016q3/bin/../lib/gcc/arm-none-eabi/5.4.1/../../../../arm-none-eabi/lib/armv7e-m\libg_nano.a(lib_a-nano-svfprintf.o) (memmove)
h:/dev/5.4 2016q3/bin/../lib/gcc/arm-none-eabi/5.4.1/../../../../arm-none-eabi/lib/armv7e-m\libg_nano.a(lib_a-nano-freer.o)
                              h:/dev/5.4 2016q3/bin/../lib/gcc/arm-none-eabi/5.4.1/../../../../arm-none-eabi/lib/armv7e-m\libg_nano.a(lib_a-nano-svfprintf.o) (_free_r)
h:/dev/5.4 2016q3/bin/../lib/gcc/arm-none-eabi/5.4.1/../../../../arm-none-eabi/lib/armv7e-m\libg_nano.a(lib_a-nano-mallocr.o)
                              h:/dev/5.4 2016q3/bin/../lib/gcc/arm-none-eabi/5.4.1/../../../../arm-none-eabi/lib/armv7e-m\libg_nano.a(lib_a-nano-svfprintf.o) (_malloc_r)
h:/dev/5.4 2016q3/bin/../lib/gcc/arm-none-eabi/5.4.1/../../../../arm-none-eabi/lib/armv7e-m\libg_nano.a(lib_a-nano-reallocr.o)
                              h:/dev/5.4 2016q3/bin/../lib/gcc/arm-none-eabi/5.4.1/../../../../arm-none-eabi/lib/armv7e-m\libg_nano.a(lib_a-nano-svfprintf.o) (_realloc_r)
h:/dev/5.4 2016q3/bin/../lib/gcc/arm-none-eabi/5.4.1/../../../../arm-none-eabi/lib/armv7e-m\libg_nano.a(lib_a-sbrkr.o)
                              h:/dev/5.4 2016q3/bin/../lib/gcc/arm-none-eabi/5.4.1/../../../../arm-none-eabi/lib/armv7e-m\libg_nano.a(lib_a-nano-mallocr.o) (_sbrk_r)
h:/dev/5.4 2016q3/bin/../lib/gcc/arm-none-eabi/5.4.1/../../../../arm-none-eabi/lib/armv7e-m\libg_nano.a(lib_a-mlock.o)
                              h:/dev/5.4 2016q3/bin/../lib/gcc/arm-none-eabi/5.4.1/../../../../arm-none-eabi/lib/armv7e-m\libg_nano.a(lib_a-nano-freer.o) (__malloc_lock)
h:/dev/5.4 2016q3/bin/../lib/gcc/arm-none-eabi/5.4.1/../../../../arm-none-eabi/lib/armv7e-m\libg_nano.a(lib_a-nano-msizer.o)
                              h:/dev/5.4 2016q3/bin/../lib/gcc/arm-none-eabi/5.4.1/../../../../arm-none-eabi/lib/armv7e-m\libg_nano.a(lib_a-nano-reallocr.o) (_malloc_usable_size_r)

Allocating common symbols
Common symbol       size              file

errno               0x4               ./system/src/newlib/_syscalls.o

Discarded input sections

 .text          0x00000000        0x0 ./system/src/newlib/_cxx.o
 .data          0x00000000        0x0 ./system/src/newlib/_cxx.o
 .bss           0x00000000        0x0 ./system/src/newlib/_cxx.o
 .text._ZN9__gnu_cxx27__verbose_terminate_handlerEv
                0x00000000       0x10 ./system/src/newlib/_cxx.o
 .text.__cxa_pure_virtual
                0x00000000       0x10 ./system/src/newlib/_cxx.o
[...]
Memory Configuration

Name             Origin             Length             Attributes
RAM              0x20000000         0x00020000         xrw
CCMRAM           0x10000000         0x00010000         xrw
FLASH            0x08000000         0x00080000         xr
FLASHB1          0x00000000         0x00000000         xr
EXTMEMB0         0x00000000         0x00000000         xr
EXTMEMB1         0x00000000         0x00000000         xr
EXTMEMB2         0x00000000         0x00000000         xr
EXTMEMB3         0x00000000         0x00000000         xr
MEMORY_ARRAY     0x20002000         0x00000020         xrw
*default*        0x00000000         0xffffffff

Linker script and memory map

LOAD ./system/src/newlib/_cxx.o
LOAD ./system/src/newlib/_exit.o
LOAD ./system/src/newlib/_sbrk.o
LOAD ./system/src/newlib/_startup.o
LOAD ./system/src/newlib/_syscalls.o
LOAD ./system/src/newlib/assert.o
LOAD ./system/src/diag/Trace.o
LOAD ./system/src/diag/trace_impl.o
LOAD ./system/src/cortexm/_initialize_hardware.o
LOAD ./system/src/cortexm/_reset_hardware.o
LOAD ./system/src/cortexm/exception_handlers.o
LOAD ./system/src/StdPeriph_Driver/misc.o
LOAD ./system/src/StdPeriph_Driver/stm32f4xx_adc.o
LOAD ./system/src/StdPeriph_Driver/stm32f4xx_can.o
LOAD ./system/src/StdPeriph_Driver/stm32f4xx_crc.o
LOAD ./system/src/StdPeriph_Driver/stm32f4xx_cryp.o
LOAD ./system/src/StdPeriph_Driver/stm32f4xx_cryp_aes.o
LOAD ./system/src/StdPeriph_Driver/stm32f4xx_cryp_des.o
LOAD ./system/src/StdPeriph_Driver/stm32f4xx_cryp_tdes.o
LOAD ./system/src/StdPeriph_Driver/stm32f4xx_dac.o
LOAD ./system/src/StdPeriph_Driver/stm32f4xx_dbgmcu.o
LOAD ./system/src/StdPeriph_Driver/stm32f4xx_dcmi.o
LOAD ./system/src/StdPeriph_Driver/stm32f4xx_dfsdm.o
LOAD ./system/src/StdPeriph_Driver/stm32f4xx_dma.o
LOAD ./system/src/StdPeriph_Driver/stm32f4xx_dma2d.o
LOAD ./system/src/StdPeriph_Driver/stm32f4xx_dsi.o
LOAD ./system/src/StdPeriph_Driver/stm32f4xx_exti.o
LOAD ./system/src/StdPeriph_Driver/stm32f4xx_flash.o
LOAD ./system/src/StdPeriph_Driver/stm32f4xx_flash_ramfunc.o
LOAD ./system/src/StdPeriph_Driver/stm32f4xx_gpio.o
LOAD ./system/src/StdPeriph_Driver/stm32f4xx_hash.o
LOAD ./system/src/StdPeriph_Driver/stm32f4xx_hash_md5.o
LOAD ./system/src/StdPeriph_Driver/stm32f4xx_hash_sha1.o
LOAD ./system/src/StdPeriph_Driver/stm32f4xx_i2c.o
LOAD ./system/src/StdPeriph_Driver/stm32f4xx_iwdg.o
LOAD ./system/src/StdPeriph_Driver/stm32f4xx_lptim.o
LOAD ./system/src/StdPeriph_Driver/stm32f4xx_ltdc.o
LOAD ./system/src/StdPeriph_Driver/stm32f4xx_pwr.o
LOAD ./system/src/StdPeriph_Driver/stm32f4xx_rcc.o
LOAD ./system/src/StdPeriph_Driver/stm32f4xx_rng.o
LOAD ./system/src/StdPeriph_Driver/stm32f4xx_rtc.o
LOAD ./system/src/StdPeriph_Driver/stm32f4xx_sai.o
LOAD ./system/src/StdPeriph_Driver/stm32f4xx_sdio.o
LOAD ./system/src/StdPeriph_Driver/stm32f4xx_spi.o
LOAD ./system/src/StdPeriph_Driver/stm32f4xx_syscfg.o
LOAD ./system/src/StdPeriph_Driver/stm32f4xx_tim.o
LOAD ./system/src/StdPeriph_Driver/stm32f4xx_usart.o
LOAD ./system/src/StdPeriph_Driver/stm32f4xx_wwdg.o
LOAD ./system/src/CMSIS/system_stm32f4xx.o
LOAD ./system/src/CMSIS/vectors_stm32f411xe.o
LOAD ./src/_write.o
LOAD ./src/main.o
LOAD ./src/startup.o
LOAD h:/dev/5.4 2016q3/bin/../lib/gcc/arm-none-eabi/5.4.1/../../../../arm-none-eabi/lib/armv7e-m\libstdc++_nano.a
LOAD h:/dev/5.4 2016q3/bin/../lib/gcc/arm-none-eabi/5.4.1/../../../../arm-none-eabi/lib/armv7e-m\libm.a
START GROUP
LOAD h:/dev/5.4 2016q3/bin/../lib/gcc/arm-none-eabi/5.4.1/armv7e-m\libgcc.a
LOAD h:/dev/5.4 2016q3/bin/../lib/gcc/arm-none-eabi/5.4.1/../../../../arm-none-eabi/lib/armv7e-m\libg_nano.a
LOAD h:/dev/5.4 2016q3/bin/../lib/gcc/arm-none-eabi/5.4.1/../../../../arm-none-eabi/lib/armv7e-m\libc_nano.a
END GROUP
START GROUP
LOAD h:/dev/5.4 2016q3/bin/../lib/gcc/arm-none-eabi/5.4.1/armv7e-m\libgcc.a
LOAD h:/dev/5.4 2016q3/bin/../lib/gcc/arm-none-eabi/5.4.1/../../../../arm-none-eabi/lib/armv7e-m\libc_nano.a
END GROUP
                0x20020000                __stack = (ORIGIN (RAM) + LENGTH (RAM))
                0x20020000                _estack = __stack
                0x00000400                __Main_Stack_Size = 0x400
                [!provide]                PROVIDE (_Main_Stack_Size, __Main_Stack_Size)
                0x2001fc00                __Main_Stack_Limit = (__stack - __Main_Stack_Size)
                [!provide]                PROVIDE (_Main_Stack_Limit, __Main_Stack_Limit)
                0x00000100                _Minimum_Stack_Size = 0x100
                0x20000114                PROVIDE (_Heap_Begin, _end_noinit)
                0x2001fc00                PROVIDE (_Heap_Limit, (__stack - __Main_Stack_Size))

.isr_vector     0x08000000      0x35e
 FILL mask 0xff
                0x08000000                __vectors_start = ABSOLUTE (.)
                0x08000000                __vectors_start__ = ABSOLUTE (.)
 *(.isr_vector)
 .isr_vector    0x08000000      0x198 ./system/src/CMSIS/vectors_stm32f411xe.o
                0x08000000                __isr_vectors
 *(.cfmconfig)
 *(.after_vectors .after_vectors.*)
 .after_vectors
                0x08000198       0xd4 ./system/src/newlib/_startup.o
                0x08000198                _start
 .after_vectors
                0x0800026c       0xf0 ./system/src/cortexm/exception_handlers.o
                0x0800026c                Reset_Handler
                0x08000270                NMI_Handler
                0x08000272                HardFault_Handler
                0x08000286                HardFault_Handler_C
                0x080002b8                MemManage_Handler
                0x080002ba                BusFault_Handler
                0x080002ce                BusFault_Handler_C
                0x08000300                UsageFault_Handler
                0x08000314                UsageFault_Handler_C
                0x08000344                SVC_Handler
                0x08000346                DebugMon_Handler
                0x08000348                PendSV_Handler
                0x0800034a                SysTick_Handler
 .after_vectors
                0x0800035c        0x2 ./system/src/CMSIS/vectors_stm32f411xe.o
                0x0800035c                RTC_Alarm_IRQHandler
                0x0800035c                EXTI2_IRQHandler
                0x0800035c                SPI4_IRQHandler
                0x0800035c                TIM1_CC_IRQHandler
                0x0800035c                DMA2_Stream5_IRQHandler
                0x0800035c                DMA1_Stream5_IRQHandler
                0x0800035c                PVD_IRQHandler
                0x0800035c                SDIO_IRQHandler
                0x0800035c                TAMP_STAMP_IRQHandler
                0x0800035c                EXTI3_IRQHandler
                0x0800035c                TIM1_UP_TIM10_IRQHandler
                0x0800035c                I2C3_ER_IRQHandler
                0x0800035c                EXTI0_IRQHandler
                0x0800035c                I2C2_EV_IRQHandler
                0x0800035c                DMA1_Stream2_IRQHandler
                0x0800035c                FPU_IRQHandler
                0x0800035c                DMA2_Stream2_IRQHandler
                0x0800035c                SPI1_IRQHandler
                0x0800035c                TIM1_BRK_TIM9_IRQHandler
                0x0800035c                DMA2_Stream3_IRQHandler
                0x0800035c                USART6_IRQHandler
                0x0800035c                DMA2_Stream0_IRQHandler
                0x0800035c                TIM4_IRQHandler
                0x0800035c                I2C1_EV_IRQHandler
                0x0800035c                DMA1_Stream6_IRQHandler
                0x0800035c                DMA1_Stream1_IRQHandler
                0x0800035c                TIM3_IRQHandler
                0x0800035c                RCC_IRQHandler
                0x0800035c                Default_Handler
                0x0800035c                EXTI15_10_IRQHandler
                0x0800035c                ADC_IRQHandler
                0x0800035c                DMA1_Stream7_IRQHandler
                0x0800035c                SPI5_IRQHandler
                0x0800035c                TIM5_IRQHandler
                0x0800035c                DMA2_Stream7_IRQHandler
                0x0800035c                I2C3_EV_IRQHandler
                0x0800035c                EXTI9_5_IRQHandler
                0x0800035c                RTC_WKUP_IRQHandler
                0x0800035c                SPI2_IRQHandler
                0x0800035c                DMA1_Stream0_IRQHandler
                0x0800035c                EXTI4_IRQHandler
                0x0800035c                WWDG_IRQHandler
                0x0800035c                TIM2_IRQHandler
                0x0800035c                OTG_FS_WKUP_IRQHandler
                0x0800035c                TIM1_TRG_COM_TIM11_IRQHandler
                0x0800035c                EXTI1_IRQHandler
                0x0800035c                USART2_IRQHandler
                0x0800035c                I2C2_ER_IRQHandler
                0x0800035c                DMA2_Stream1_IRQHandler
                0x0800035c                FLASH_IRQHandler
                0x0800035c                DMA2_Stream4_IRQHandler
                0x0800035c                USART1_IRQHandler
                0x0800035c                OTG_FS_IRQHandler
                0x0800035c                SPI3_IRQHandler
                0x0800035c                DMA1_Stream4_IRQHandler
                0x0800035c                I2C1_ER_IRQHandler
                0x0800035c                DMA2_Stream6_IRQHandler
                0x0800035c                DMA1_Stream3_IRQHandler

.inits          0x08000360       0x28
                0x08000360                __data_regions_array_start = .
                0x08000360        0x4 LONG 0x8001204 LOADADDR (.data)
                0x08000364        0x4 LONG 0x20000000 ADDR (.data)
                0x08000368        0x4 LONG 0x20000080 (ADDR (.data) + SIZEOF (.data))
                0x0800036c        0x4 LONG 0x8001204 LOADADDR (.data_CCMRAM)
                0x08000370        0x4 LONG 0x10000000 ADDR (.data_CCMRAM)
                0x08000374        0x4 LONG 0x10000000 (ADDR (.data_CCMRAM) + SIZEOF (.data_CCMRAM))
                0x08000378                __data_regions_array_end = .
                0x08000378                __bss_regions_array_start = .
                0x08000378        0x4 LONG 0x20000080 ADDR (.bss)
                0x0800037c        0x4 LONG 0x20000114 (ADDR (.bss) + SIZEOF (.bss))
                0x08000380        0x4 LONG 0x10000000 ADDR (.bss_CCMRAM)
                0x08000384        0x4 LONG 0x10000000 (ADDR (.bss_CCMRAM) + SIZEOF (.bss_CCMRAM))
                0x08000388                __bss_regions_array_end = .
 *(.init)
 *(.fini)
                0x08000388                . = ALIGN (0x4)
                0x08000388                PROVIDE (__preinit_array_start, .)
 *(.preinit_array_sysinit .preinit_array_sysinit.*)
 *(.preinit_array_platform .preinit_array_platform.*)
 *(.preinit_array .preinit_array.*)
                0x08000388                PROVIDE (__preinit_array_end, .)
                0x08000388                . = ALIGN (0x4)
                0x08000388                PROVIDE (__init_array_start, .)
 *(SORT(.init_array.*))
 *(.init_array)
                0x08000388                PROVIDE (__init_array_end, .)
                0x08000388                . = ALIGN (0x4)
                0x08000388                PROVIDE (__fini_array_start, .)
 *(SORT(.fini_array.*))
 *(.fini_array)
                0x08000388                PROVIDE (__fini_array_end, .)

.flashtext
 *(.flashtext .flashtext.*)

.text           0x08000390      0xe72
 *(.text .text.*)
 .text._exit    0x08000390        0x6 ./system/src/newlib/_exit.o
                0x08000390                _exit
 *fill*         0x08000396        0x2 
 .text._sbrk    0x08000398       0x40 ./system/src/newlib/_sbrk.o
                0x08000398                _sbrk
 .text.__initialize_args
                0x080003d8       0x10 ./system/src/newlib/_syscalls.o
                0x080003d8                __initialize_args
 .text.trace_printf
                0x080003e8       0x30 ./system/src/diag/Trace.o
                0x080003e8                trace_printf
 .text.trace_write
                0x08000418        0x6 ./system/src/diag/trace_impl.o
                0x08000418                trace_write
 *fill*         0x0800041e        0x2 
 .text.__initialize_hardware_early
                0x08000420       0x18 ./system/src/cortexm/_initialize_hardware.o
                0x08000420                __initialize_hardware_early
 .text.__initialize_hardware
                0x08000438        0x4 ./system/src/cortexm/_initialize_hardware.o
                0x08000438                __initialize_hardware
 .text.__reset_hardware
                0x0800043c       0x24 ./system/src/cortexm/_reset_hardware.o
                0x0800043c                __reset_hardware
 .text.dumpExceptionStack
                0x08000460       0xf4 ./system/src/cortexm/exception_handlers.o
                0x08000460                dumpExceptionStack
 .text.SystemInit
                0x08000554       0xe4 ./system/src/CMSIS/system_stm32f4xx.o
                0x08000554                SystemInit
 .text.SystemCoreClockUpdate
                0x08000638       0x74 ./system/src/CMSIS/system_stm32f4xx.o
                0x08000638                SystemCoreClockUpdate
 .text.startup.main
                0x080006ac       0xb0 ./src/main.o
                0x080006ac                main
 .text.startup  0x0800075c        0x4 ./src/startup.o
                0x0800075c                startup
 .text.__errno  0x08000760        0xc h:/dev/5.4 2016q3/bin/../lib/gcc/arm-none-eabi/5.4.1/../../../../arm-none-eabi/lib/armv7e-m\libg_nano.a(lib_a-errno.o)
                0x08000760                __errno
 .text._vsnprintf_r
                0x0800076c       0x56 h:/dev/5.4 2016q3/bin/../lib/gcc/arm-none-eabi/5.4.1/../../../../arm-none-eabi/lib/armv7e-m\libg_nano.a(lib_a-vsnprintf.o)
                0x0800076c                _vsniprintf_r
                0x0800076c                _vsnprintf_r
 *fill*         0x080007c2        0x2 
 .text.vsnprintf
                0x080007c4       0x1c h:/dev/5.4 2016q3/bin/../lib/gcc/arm-none-eabi/5.4.1/../../../../arm-none-eabi/lib/armv7e-m\libg_nano.a(lib_a-vsnprintf.o)
                0x080007c4                vsniprintf
                0x080007c4                vsnprintf
 .text.__ssputs_r
                0x080007e0       0xb2 h:/dev/5.4 2016q3/bin/../lib/gcc/arm-none-eabi/5.4.1/../../../../arm-none-eabi/lib/armv7e-m\libg_nano.a(lib_a-nano-svfprintf.o)
                0x080007e0                __ssputs_r
 *fill*         0x08000892        0x2 
 .text._svfprintf_r
                0x08000894      0x1e8 h:/dev/5.4 2016q3/bin/../lib/gcc/arm-none-eabi/5.4.1/../../../../arm-none-eabi/lib/armv7e-m\libg_nano.a(lib_a-nano-svfprintf.o)
                0x08000894                _svfiprintf_r
                0x08000894                _svfprintf_r
 .text._printf_common
                0x08000a7c       0xec h:/dev/5.4 2016q3/bin/../lib/gcc/arm-none-eabi/5.4.1/../../../../arm-none-eabi/lib/armv7e-m\libg_nano.a(lib_a-nano-vfprintf_i.o)
                0x08000a7c                _printf_common
 .text._printf_i
                0x08000b68      0x24c h:/dev/5.4 2016q3/bin/../lib/gcc/arm-none-eabi/5.4.1/../../../../arm-none-eabi/lib/armv7e-m\libg_nano.a(lib_a-nano-vfprintf_i.o)
                0x08000b68                _printf_i
 *fill*         0x08000db4        0xc 
 .text          0x08000dc0       0xa0 h:/dev/5.4 2016q3/bin/../lib/gcc/arm-none-eabi/5.4.1/../../../../arm-none-eabi/lib/armv7e-m\libg_nano.a(lib_a-memchr.o)
                0x08000dc0                memchr
 .text.memcpy   0x08000e60       0x16 h:/dev/5.4 2016q3/bin/../lib/gcc/arm-none-eabi/5.4.1/../../../../arm-none-eabi/lib/armv7e-m\libg_nano.a(lib_a-memcpy-stub.o)
                0x08000e60                memcpy
 .text.memmove  0x08000e76       0x36 h:/dev/5.4 2016q3/bin/../lib/gcc/arm-none-eabi/5.4.1/../../../../arm-none-eabi/lib/armv7e-m\libg_nano.a(lib_a-memmove.o)
                0x08000e76                memmove
 .text._free_r  0x08000eac       0x9c h:/dev/5.4 2016q3/bin/../lib/gcc/arm-none-eabi/5.4.1/../../../../arm-none-eabi/lib/armv7e-m\libg_nano.a(lib_a-nano-freer.o)
                0x08000eac                _free_r
 .text._malloc_r
                0x08000f48       0xbc h:/dev/5.4 2016q3/bin/../lib/gcc/arm-none-eabi/5.4.1/../../../../arm-none-eabi/lib/armv7e-m\libg_nano.a(lib_a-nano-mallocr.o)
                0x08000f48                _malloc_r
 .text._realloc_r
                0x08001004       0x4c h:/dev/5.4 2016q3/bin/../lib/gcc/arm-none-eabi/5.4.1/../../../../arm-none-eabi/lib/armv7e-m\libg_nano.a(lib_a-nano-reallocr.o)
                0x08001004                _realloc_r
 .text._sbrk_r  0x08001050       0x20 h:/dev/5.4 2016q3/bin/../lib/gcc/arm-none-eabi/5.4.1/../../../../arm-none-eabi/lib/armv7e-m\libg_nano.a(lib_a-sbrkr.o)
                0x08001050                _sbrk_r
 .text.__malloc_lock
                0x08001070        0x2 h:/dev/5.4 2016q3/bin/../lib/gcc/arm-none-eabi/5.4.1/../../../../arm-none-eabi/lib/armv7e-m\libg_nano.a(lib_a-mlock.o)
                0x08001070                __malloc_lock
 .text.__malloc_unlock
                0x08001072        0x2 h:/dev/5.4 2016q3/bin/../lib/gcc/arm-none-eabi/5.4.1/../../../../arm-none-eabi/lib/armv7e-m\libg_nano.a(lib_a-mlock.o)
                0x08001072                __malloc_unlock
 .text._malloc_usable_size_r
                0x08001074       0x14 h:/dev/5.4 2016q3/bin/../lib/gcc/arm-none-eabi/5.4.1/../../../../arm-none-eabi/lib/armv7e-m\libg_nano.a(lib_a-nano-msizer.o)
                0x08001074                _malloc_usable_size_r
 *(.rodata .rodata.* .constdata .constdata.*)
 .rodata.str1.1
                0x08001088      0x11d ./system/src/cortexm/exception_handlers.o
 .rodata.str1.1
                0x080011a5       0x2a ./src/main.o
 .rodata.str1.1
                0x080011cf       0x11 h:/dev/5.4 2016q3/bin/../lib/gcc/arm-none-eabi/5.4.1/../../../../arm-none-eabi/lib/armv7e-m\libg_nano.a(lib_a-nano-svfprintf.o)
 .rodata.str1.1
                0x080011e0       0x22 h:/dev/5.4 2016q3/bin/../lib/gcc/arm-none-eabi/5.4.1/../../../../arm-none-eabi/lib/armv7e-m\libg_nano.a(lib_a-nano-vfprintf_i.o)
 *(vtable)
 *(.eh_frame*)
 *(.glue_7)
 .glue_7        0x08001202        0x0 linker stubs
 *(.glue_7t)
 .glue_7t       0x08001202        0x0 linker stubs

.vfp11_veneer   0x08001204        0x0
 .vfp11_veneer  0x08001204        0x0 linker stubs

.v4_bx          0x08001204        0x0
 .v4_bx         0x08001204        0x0 linker stubs

.iplt           0x08001204        0x0
 .iplt          0x08001204        0x0 ./system/src/newlib/_cxx.o

.rel.dyn        0x08001204        0x0
 .rel.iplt      0x08001204        0x0 ./system/src/newlib/_cxx.o

.ARM.extab
 *(.ARM.extab* .gnu.linkonce.armextab.*)
                0x08001204                . = ALIGN (0x4)
                0x08001204                __exidx_start = .

.ARM.exidx
 *(.ARM.exidx* .gnu.linkonce.armexidx.*)
                0x08001204                __exidx_end = .
                0x08001204                . = ALIGN (0x4)
                0x08001204                _etext = .
                0x08001204                __etext = .

.data_CCMRAM    0x10000000        0x0 load address 0x08001204
 FILL mask 0xff
 *(.data.CCMRAM .data.CCMRAM.*)
                0x10000000                . = ALIGN (0x4)
                0x08001204                _sidata = LOADADDR (.data)

.data           0x20000000       0x80 load address 0x08001204
 FILL mask 0xff
                0x20000000                _sdata = .
                0x20000000                __data_start__ = .
 *(.data_begin .data_begin.*)
 *(.data .data.*)
 .data.argv.4290
                0x20000000        0x8 ./system/src/newlib/_syscalls.o
 .data.AHBPrescTable
                0x20000008       0x10 ./system/src/CMSIS/system_stm32f4xx.o
                0x20000008                AHBPrescTable
 .data.SystemCoreClock
                0x20000018        0x4 ./system/src/CMSIS/system_stm32f4xx.o
                0x20000018                SystemCoreClock
 .data.impure_data
                0x2000001c       0x60 h:/dev/5.4 2016q3/bin/../lib/gcc/arm-none-eabi/5.4.1/../../../../arm-none-eabi/lib/armv7e-m\libg_nano.a(lib_a-impure.o)
 .data._impure_ptr
                0x2000007c        0x4 h:/dev/5.4 2016q3/bin/../lib/gcc/arm-none-eabi/5.4.1/../../../../arm-none-eabi/lib/armv7e-m\libg_nano.a(lib_a-impure.o)
                0x2000007c                _impure_ptr
 *(.data_end .data_end.*)
                0x20000080                . = ALIGN (0x4)
                0x20000080                _edata = .
                0x20000080                __data_end__ = .

.igot.plt       0x20000080        0x0 load address 0x08001284
 .igot.plt      0x20000080        0x0 ./system/src/newlib/_cxx.o

.bss_CCMRAM     0x10000000        0x0
 *(.bss.CCMRAM .bss.CCMRAM.*)

.bss            0x20000080       0x94
                0x20000080                __bss_start__ = .
                0x20000080                _sbss = .
 *(.bss_begin .bss_begin.*)
 *(.bss .bss.*)
 .bss.current_heap_end.3974
                0x20000080        0x4 ./system/src/newlib/_sbrk.o
 .bss.name.4289
                0x20000084        0x1 ./system/src/newlib/_syscalls.o
 .bss.buf.5179  0x20000085       0x80 ./system/src/diag/Trace.o
 *fill*         0x20000105        0x3 
 .bss.__malloc_sbrk_start
                0x20000108        0x4 h:/dev/5.4 2016q3/bin/../lib/gcc/arm-none-eabi/5.4.1/../../../../arm-none-eabi/lib/armv7e-m\libg_nano.a(lib_a-nano-mallocr.o)
                0x20000108                __malloc_sbrk_start
 .bss.__malloc_free_list
                0x2000010c        0x4 h:/dev/5.4 2016q3/bin/../lib/gcc/arm-none-eabi/5.4.1/../../../../arm-none-eabi/lib/armv7e-m\libg_nano.a(lib_a-nano-mallocr.o)
                0x2000010c                __malloc_free_list
 *(COMMON)
 COMMON         0x20000110        0x4 ./system/src/newlib/_syscalls.o
                0x20000110                errno
 *(.bss_end .bss_end.*)
                0x20000114                . = ALIGN (0x4)
                0x20000114                __bss_end__ = .
                0x20000114                _ebss = .

.noinit_CCMRAM
 *(.noinit.CCMRAM .noinit.CCMRAM.*)

.noinit         0x20000114        0x0
                0x20000114                _noinit = .
 *(.noinit .noinit.*)
                0x20000114                . = ALIGN (0x4)
                0x20000114                _end_noinit = .
                [!provide]                PROVIDE (end, _end_noinit)
                [!provide]                PROVIDE (_end, _end_noinit)
                [!provide]                PROVIDE (__end, _end_noinit)
                [!provide]                PROVIDE (__end__, _end_noinit)

._check_stack   0x20000114      0x100
                0x20000214                . = (. + _Minimum_Stack_Size)
 *fill*         0x20000114      0x100 

.b1text
 *(.b1text)
 *(.b1rodata)
 *(.b1rodata.*)

.eb0text
 *(.eb0text)
 *(.eb0rodata)
 *(.eb0rodata.*)

.eb1text
 *(.eb1text)
 *(.eb1rodata)
 *(.eb1rodata.*)

.eb2text
 *(.eb2text)
 *(.eb2rodata)
 *(.eb2rodata.*)

.eb3text
 *(.eb3text)
 *(.eb3rodata)
 *(.eb3rodata.*)

.stab
 *(.stab)

.stabstr
 *(.stabstr)

.stab.excl
 *(.stab.excl)

.stab.exclstr
 *(.stab.exclstr)

.stab.index
 *(.stab.index)

.stab.indexstr
 *(.stab.indexstr)

.comment        0x00000000       0x6e
 *(.comment)
 .comment       0x00000000       0x6e ./system/src/newlib/_exit.o
                                 0x6f (size before relaxing)
 .comment       0x0000006e       0x6f ./system/src/newlib/_sbrk.o
 .comment       0x0000006e       0x6f ./system/src/newlib/_startup.o
 .comment       0x0000006e       0x6f ./system/src/newlib/_syscalls.o
 .comment       0x0000006e       0x6f ./system/src/diag/Trace.o
 .comment       0x0000006e       0x6f ./system/src/diag/trace_impl.o
 .comment       0x0000006e       0x6f ./system/src/cortexm/_initialize_hardware.o
 .comment       0x0000006e       0x6f ./system/src/cortexm/_reset_hardware.o
 .comment       0x0000006e       0x6f ./system/src/cortexm/exception_handlers.o
 .comment       0x0000006e       0x6f ./system/src/CMSIS/system_stm32f4xx.o
 .comment       0x0000006e       0x6f ./system/src/CMSIS/vectors_stm32f411xe.o
 .comment       0x0000006e       0x6f ./src/main.o
 .comment       0x0000006e       0x6f ./src/startup.o

.ARM.attributes
                0x00000000       0x31
 .ARM.attributes
                0x00000000       0x33 ./system/src/newlib/_exit.o
 .ARM.attributes
                0x00000033       0x33 ./system/src/newlib/_sbrk.o
 .ARM.attributes
                0x00000066       0x33 ./system/src/newlib/_startup.o
 .ARM.attributes
                0x00000099       0x33 ./system/src/newlib/_syscalls.o
 .ARM.attributes
                0x000000cc       0x33 ./system/src/diag/Trace.o
 .ARM.attributes
                0x000000ff       0x33 ./system/src/diag/trace_impl.o
 .ARM.attributes
                0x00000132       0x33 ./system/src/cortexm/_initialize_hardware.o
 .ARM.attributes
                0x00000165       0x33 ./system/src/cortexm/_reset_hardware.o
 .ARM.attributes
                0x00000198       0x33 ./system/src/cortexm/exception_handlers.o
 .ARM.attributes
                0x000001cb       0x33 ./system/src/CMSIS/system_stm32f4xx.o
 .ARM.attributes
                0x000001fe       0x33 ./system/src/CMSIS/vectors_stm32f411xe.o
 .ARM.attributes
                0x00000231       0x33 ./src/main.o
 .ARM.attributes
                0x00000264       0x33 ./src/startup.o
 .ARM.attributes
                0x00000297       0x2e h:/dev/5.4 2016q3/bin/../lib/gcc/arm-none-eabi/5.4.1/../../../../arm-none-eabi/lib/armv7e-m\libg_nano.a(lib_a-errno.o)
 .ARM.attributes
                0x000002c5       0x2e h:/dev/5.4 2016q3/bin/../lib/gcc/arm-none-eabi/5.4.1/../../../../arm-none-eabi/lib/armv7e-m\libg_nano.a(lib_a-impure.o)
 .ARM.attributes
                0x000002f3       0x2e h:/dev/5.4 2016q3/bin/../lib/gcc/arm-none-eabi/5.4.1/../../../../arm-none-eabi/lib/armv7e-m\libg_nano.a(lib_a-vsnprintf.o)
 .ARM.attributes
                0x00000321       0x2e h:/dev/5.4 2016q3/bin/../lib/gcc/arm-none-eabi/5.4.1/../../../../arm-none-eabi/lib/armv7e-m\libg_nano.a(lib_a-nano-svfprintf.o)
 .ARM.attributes
                0x0000034f       0x2e h:/dev/5.4 2016q3/bin/../lib/gcc/arm-none-eabi/5.4.1/../../../../arm-none-eabi/lib/armv7e-m\libg_nano.a(lib_a-nano-vfprintf_i.o)
 .ARM.attributes
                0x0000037d       0x1c h:/dev/5.4 2016q3/bin/../lib/gcc/arm-none-eabi/5.4.1/../../../../arm-none-eabi/lib/armv7e-m\libg_nano.a(lib_a-memchr.o)
 .ARM.attributes
                0x00000399       0x2e h:/dev/5.4 2016q3/bin/../lib/gcc/arm-none-eabi/5.4.1/../../../../arm-none-eabi/lib/armv7e-m\libg_nano.a(lib_a-memcpy-stub.o)
 .ARM.attributes
                0x000003c7       0x2e h:/dev/5.4 2016q3/bin/../lib/gcc/arm-none-eabi/5.4.1/../../../../arm-none-eabi/lib/armv7e-m\libg_nano.a(lib_a-memmove.o)
 .ARM.attributes
                0x000003f5       0x2e h:/dev/5.4 2016q3/bin/../lib/gcc/arm-none-eabi/5.4.1/../../../../arm-none-eabi/lib/armv7e-m\libg_nano.a(lib_a-nano-freer.o)
 .ARM.attributes
                0x00000423       0x2e h:/dev/5.4 2016q3/bin/../lib/gcc/arm-none-eabi/5.4.1/../../../../arm-none-eabi/lib/armv7e-m\libg_nano.a(lib_a-nano-mallocr.o)
 .ARM.attributes
                0x00000451       0x2e h:/dev/5.4 2016q3/bin/../lib/gcc/arm-none-eabi/5.4.1/../../../../arm-none-eabi/lib/armv7e-m\libg_nano.a(lib_a-nano-reallocr.o)
 .ARM.attributes
                0x0000047f       0x2e h:/dev/5.4 2016q3/bin/../lib/gcc/arm-none-eabi/5.4.1/../../../../arm-none-eabi/lib/armv7e-m\libg_nano.a(lib_a-sbrkr.o)
 .ARM.attributes
                0x000004ad       0x2e h:/dev/5.4 2016q3/bin/../lib/gcc/arm-none-eabi/5.4.1/../../../../arm-none-eabi/lib/armv7e-m\libg_nano.a(lib_a-mlock.o)
 .ARM.attributes
                0x000004db       0x2e h:/dev/5.4 2016q3/bin/../lib/gcc/arm-none-eabi/5.4.1/../../../../arm-none-eabi/lib/armv7e-m\libg_nano.a(lib_a-nano-msizer.o)

.debug
 *(.debug)

.line
 *(.line)

.debug_srcinfo
 *(.debug_srcinfo)

.debug_sfnames
 *(.debug_sfnames)

.debug_aranges  0x00000000      0x270
 *(.debug_aranges)
 .debug_aranges
                0x00000000       0x28 ./system/src/newlib/_exit.o
 .debug_aranges
                0x00000028       0x20 ./system/src/newlib/_sbrk.o
 .debug_aranges
                0x00000048       0x40 ./system/src/newlib/_startup.o
 .debug_aranges
                0x00000088       0x30 ./system/src/newlib/_syscalls.o
 .debug_aranges
                0x000000b8       0x38 ./system/src/diag/Trace.o
 .debug_aranges
                0x000000f0       0x28 ./system/src/diag/trace_impl.o
 .debug_aranges
                0x00000118       0x28 ./system/src/cortexm/_initialize_hardware.o
 .debug_aranges
                0x00000140       0x20 ./system/src/cortexm/_reset_hardware.o
 .debug_aranges
                0x00000160       0x88 ./system/src/cortexm/exception_handlers.o
 .debug_aranges
                0x000001e8       0x28 ./system/src/CMSIS/system_stm32f4xx.o
 .debug_aranges
                0x00000210       0x20 ./system/src/CMSIS/vectors_stm32f411xe.o
 .debug_aranges
                0x00000230       0x20 ./src/main.o
 .debug_aranges
                0x00000250       0x20 ./src/startup.o

.debug_pubnames
 *(.debug_pubnames)

.debug_info     0x00000000     0x24f6
 *(.debug_info .gnu.linkonce.wi.*)
 .debug_info    0x00000000      0x101 ./system/src/newlib/_exit.o
 .debug_info    0x00000101      0x11b ./system/src/newlib/_sbrk.o
 .debug_info    0x0000021c      0x493 ./system/src/newlib/_startup.o
 .debug_info    0x000006af      0x1c3 ./system/src/newlib/_syscalls.o
 .debug_info    0x00000872      0x2e3 ./system/src/diag/Trace.o
 .debug_info    0x00000b55      0x110 ./system/src/diag/trace_impl.o
 .debug_info    0x00000c65      0x2ad ./system/src/cortexm/_initialize_hardware.o
 .debug_info    0x00000f12      0x2bf ./system/src/cortexm/_reset_hardware.o
 .debug_info    0x000011d1      0x79a ./system/src/cortexm/exception_handlers.o
 .debug_info    0x0000196b      0x5ff ./system/src/CMSIS/system_stm32f4xx.o
 .debug_info    0x00001f6a       0xcd ./system/src/CMSIS/vectors_stm32f411xe.o
 .debug_info    0x00002037      0x406 ./src/main.o
 .debug_info    0x0000243d       0xb9 ./src/startup.o

.debug_abbrev   0x00000000      0xe1a
 *(.debug_abbrev)
 .debug_abbrev  0x00000000       0x96 ./system/src/newlib/_exit.o
 .debug_abbrev  0x00000096       0xb6 ./system/src/newlib/_sbrk.o
 .debug_abbrev  0x0000014c      0x1eb ./system/src/newlib/_startup.o
 .debug_abbrev  0x00000337       0xe9 ./system/src/newlib/_syscalls.o
 .debug_abbrev  0x00000420      0x161 ./system/src/diag/Trace.o
 .debug_abbrev  0x00000581       0xb1 ./system/src/diag/trace_impl.o
 .debug_abbrev  0x00000632       0xf5 ./system/src/cortexm/_initialize_hardware.o
 .debug_abbrev  0x00000727       0xfc ./system/src/cortexm/_reset_hardware.o
 .debug_abbrev  0x00000823      0x1b7 ./system/src/cortexm/exception_handlers.o
 .debug_abbrev  0x000009da      0x161 ./system/src/CMSIS/system_stm32f4xx.o
 .debug_abbrev  0x00000b3b       0x9a ./system/src/CMSIS/vectors_stm32f411xe.o
 .debug_abbrev  0x00000bd5      0x1bf ./src/main.o
 .debug_abbrev  0x00000d94       0x86 ./src/startup.o

.debug_line     0x00000000      0xd32
 *(.debug_line)
 .debug_line    0x00000000       0xec ./system/src/newlib/_exit.o
 .debug_line    0x000000ec       0x9c ./system/src/newlib/_sbrk.o
 .debug_line    0x00000188      0x123 ./system/src/newlib/_startup.o
 .debug_line    0x000002ab      0x106 ./system/src/newlib/_syscalls.o
 .debug_line    0x000003b1      0x16a ./system/src/diag/Trace.o
 .debug_line    0x0000051b      0x11d ./system/src/diag/trace_impl.o
 .debug_line    0x00000638       0xf1 ./system/src/cortexm/_initialize_hardware.o
 .debug_line    0x00000729       0xea ./system/src/cortexm/_reset_hardware.o
 .debug_line    0x00000813      0x197 ./system/src/cortexm/exception_handlers.o
 .debug_line    0x000009aa      0x127 ./system/src/CMSIS/system_stm32f4xx.o
 .debug_line    0x00000ad1       0x5a ./system/src/CMSIS/vectors_stm32f411xe.o
 .debug_line    0x00000b2b      0x144 ./src/main.o
 .debug_line    0x00000c6f       0xc3 ./src/startup.o

.debug_frame    0x00000000      0x6fc
 *(.debug_frame)
 .debug_frame   0x00000000       0x40 ./system/src/newlib/_exit.o
 .debug_frame   0x00000040       0x28 ./system/src/newlib/_sbrk.o
 .debug_frame   0x00000068       0x80 ./system/src/newlib/_startup.o
 .debug_frame   0x000000e8       0x50 ./system/src/newlib/_syscalls.o
 .debug_frame   0x00000138       0x98 ./system/src/diag/Trace.o
 .debug_frame   0x000001d0       0x30 ./system/src/diag/trace_impl.o
 .debug_frame   0x00000200       0x38 ./system/src/cortexm/_initialize_hardware.o
 .debug_frame   0x00000238       0x20 ./system/src/cortexm/_reset_hardware.o
 .debug_frame   0x00000258      0x13c ./system/src/cortexm/exception_handlers.o
 .debug_frame   0x00000394       0x3c ./system/src/CMSIS/system_stm32f4xx.o
 .debug_frame   0x000003d0       0x20 ./system/src/CMSIS/vectors_stm32f411xe.o
 .debug_frame   0x000003f0       0x28 ./src/main.o
 .debug_frame   0x00000418       0x20 ./src/startup.o
 .debug_frame   0x00000438       0x20 h:/dev/5.4 2016q3/bin/../lib/gcc/arm-none-eabi/5.4.1/../../../../arm-none-eabi/lib/armv7e-m\libg_nano.a(lib_a-errno.o)
 .debug_frame   0x00000458       0x48 h:/dev/5.4 2016q3/bin/../lib/gcc/arm-none-eabi/5.4.1/../../../../arm-none-eabi/lib/armv7e-m\libg_nano.a(lib_a-vsnprintf.o)
 .debug_frame   0x000004a0       0x90 h:/dev/5.4 2016q3/bin/../lib/gcc/arm-none-eabi/5.4.1/../../../../arm-none-eabi/lib/armv7e-m\libg_nano.a(lib_a-nano-svfprintf.o)
 .debug_frame   0x00000530       0x60 h:/dev/5.4 2016q3/bin/../lib/gcc/arm-none-eabi/5.4.1/../../../../arm-none-eabi/lib/armv7e-m\libg_nano.a(lib_a-nano-vfprintf_i.o)
 .debug_frame   0x00000590       0x28 h:/dev/5.4 2016q3/bin/../lib/gcc/arm-none-eabi/5.4.1/../../../../arm-none-eabi/lib/armv7e-m\libg_nano.a(lib_a-memcpy-stub.o)
 .debug_frame   0x000005b8       0x28 h:/dev/5.4 2016q3/bin/../lib/gcc/arm-none-eabi/5.4.1/../../../../arm-none-eabi/lib/armv7e-m\libg_nano.a(lib_a-memmove.o)
 .debug_frame   0x000005e0       0x38 h:/dev/5.4 2016q3/bin/../lib/gcc/arm-none-eabi/5.4.1/../../../../arm-none-eabi/lib/armv7e-m\libg_nano.a(lib_a-nano-freer.o)
 .debug_frame   0x00000618       0x2c h:/dev/5.4 2016q3/bin/../lib/gcc/arm-none-eabi/5.4.1/../../../../arm-none-eabi/lib/armv7e-m\libg_nano.a(lib_a-nano-mallocr.o)
 .debug_frame   0x00000644       0x3c h:/dev/5.4 2016q3/bin/../lib/gcc/arm-none-eabi/5.4.1/../../../../arm-none-eabi/lib/armv7e-m\libg_nano.a(lib_a-nano-reallocr.o)
 .debug_frame   0x00000680       0x2c h:/dev/5.4 2016q3/bin/../lib/gcc/arm-none-eabi/5.4.1/../../../../arm-none-eabi/lib/armv7e-m\libg_nano.a(lib_a-sbrkr.o)
 .debug_frame   0x000006ac       0x30 h:/dev/5.4 2016q3/bin/../lib/gcc/arm-none-eabi/5.4.1/../../../../arm-none-eabi/lib/armv7e-m\libg_nano.a(lib_a-mlock.o)
 .debug_frame   0x000006dc       0x20 h:/dev/5.4 2016q3/bin/../lib/gcc/arm-none-eabi/5.4.1/../../../../arm-none-eabi/lib/armv7e-m\libg_nano.a(lib_a-nano-msizer.o)

.debug_str      0x00000000      0xc5b
 *(.debug_str)
 .debug_str     0x00000000      0x1ac ./system/src/newlib/_exit.o
                                0x1e5 (size before relaxing)
 .debug_str     0x000001ac       0x77 ./system/src/newlib/_sbrk.o
                                0x212 (size before relaxing)
 .debug_str     0x00000223      0x1b1 ./system/src/newlib/_startup.o
                                0x368 (size before relaxing)
 .debug_str     0x000003d4       0x54 ./system/src/newlib/_syscalls.o
                                0x21a (size before relaxing)
 .debug_str     0x00000428       0x88 ./system/src/diag/Trace.o
                                0x247 (size before relaxing)
 .debug_str     0x000004b0       0x4d ./system/src/diag/trace_impl.o
                                0x20b (size before relaxing)
 .debug_str     0x000004fd       0xcd ./system/src/cortexm/_initialize_hardware.o
                                0x29e (size before relaxing)
 .debug_str     0x000005ca       0x45 ./system/src/cortexm/_reset_hardware.o
                                0x264 (size before relaxing)
 .debug_str     0x0000060f      0x142 ./system/src/cortexm/exception_handlers.o
                                0x36e (size before relaxing)
 .debug_str     0x00000751      0x1d5 ./system/src/CMSIS/system_stm32f4xx.o
                                0x40e (size before relaxing)
 .debug_str     0x00000926       0x59 ./system/src/CMSIS/vectors_stm32f411xe.o
                                0x1e3 (size before relaxing)
 .debug_str     0x0000097f      0x2bb ./src/main.o
                                0x3cb (size before relaxing)
 .debug_str     0x00000c3a       0x21 ./src/startup.o
                                0x1c8 (size before relaxing)

.debug_loc      0x00000000      0x7a0
 *(.debug_loc)
 .debug_loc     0x00000000       0x21 ./system/src/newlib/_exit.o
 .debug_loc     0x00000021       0x92 ./system/src/newlib/_sbrk.o
 .debug_loc     0x000000b3      0x31d ./system/src/newlib/_startup.o
 .debug_loc     0x000003d0       0x63 ./system/src/newlib/_syscalls.o
 .debug_loc     0x00000433      0x102 ./system/src/diag/Trace.o
 .debug_loc     0x00000535       0x21 ./system/src/diag/trace_impl.o
 .debug_loc     0x00000556      0x184 ./system/src/cortexm/exception_handlers.o
 .debug_loc     0x000006da       0xc6 ./system/src/CMSIS/system_stm32f4xx.o

.debug_macinfo
 *(.debug_macinfo)

.debug_weaknames
 *(.debug_weaknames)

.debug_funcnames
 *(.debug_funcnames)

.debug_typenames
 *(.debug_typenames)

.debug_varnames
 *(.debug_varnames)
OUTPUT(STM32F4GNU.elf elf32-littlearm)

.debug_ranges   0x00000000      0x208
 .debug_ranges  0x00000000       0x18 ./system/src/newlib/_exit.o
 .debug_ranges  0x00000018       0x10 ./system/src/newlib/_sbrk.o
 .debug_ranges  0x00000028       0x80 ./system/src/newlib/_startup.o
 .debug_ranges  0x000000a8       0x20 ./system/src/newlib/_syscalls.o
 .debug_ranges  0x000000c8       0x28 ./system/src/diag/Trace.o
 .debug_ranges  0x000000f0       0x18 ./system/src/diag/trace_impl.o
 .debug_ranges  0x00000108       0x18 ./system/src/cortexm/_initialize_hardware.o
 .debug_ranges  0x00000120       0x10 ./system/src/cortexm/_reset_hardware.o
 .debug_ranges  0x00000130       0x78 ./system/src/cortexm/exception_handlers.o
 .debug_ranges  0x000001a8       0x30 ./system/src/CMSIS/system_stm32f4xx.o
 .debug_ranges  0x000001d8       0x10 ./system/src/CMSIS/vectors_stm32f411xe.o
 .debug_ranges  0x000001e8       0x10 ./src/main.o
 .debug_ranges  0x000001f8       0x10 ./src/startup.o
